Warning[w52]: More than one definition for the byte at address 0xffe4 in common segment INTVEC. It is defined in module "main" as well as in module "functions"
################################################################################
#                                                                              #
#      IAR Universal Linker V6.6.2.104                                         #
#                                                                              #
#           Link time     =  17/Dec/2021  17:45:54                             #
#           Target CPU    =  MSP430                                            #
#           List file     =  E:\Assembly\Projects\MSP430Clang\Debug\List\Msp43 #
#                            0.map                                             #
#           Output file 1 =  E:\Assembly\Projects\MSP430Clang\Debug\Exe\Msp430 #
#                            .hex                                              #
#                            Format: ubrof10                                   #
#                            UBROF version 10.0.6                              #
#                            Using library modules for C-SPY (-rt)             #
#           Command line  =  -f C:\Users\DT\AppData\Local\Temp\EW474C.tmp      #
#                            (E:\Assembly\Projects\MSP430Clang\Debug\Obj\funct #
#                            ions.r43                                          #
#                            E:\Assembly\Projects\MSP430Clang\Debug\Obj\LCD16x #
#                            2.r43                                             #
#                            E:\Assembly\Projects\MSP430Clang\Debug\Obj\main.r #
#                            43                                                #
#                            -o                                                #
#                            E:\Assembly\Projects\MSP430Clang\Debug\Exe\Msp430 #
#                            .hex                                              #
#                            -l                                                #
#                            E:\Assembly\Projects\MSP430Clang\Debug\List\Msp43 #
#                            0.map                                             #
#                            -xms                                              #
#                            "-IC:\Program Files (x86)\IAR Systems\Embedded Wo #
#                            rkbench 8.5\430\LIB\\"                            #
#                            -f                                                #
#                            "C:\Program Files (x86)\IAR Systems\Embedded Work #
#                            bench 8.5\430\config\linker\lnk430g2553.xcl"      #
#                            (-cmsp430 -QCODE_I=CODE_ID -QTLS16_I=TLS16_ID     #
#                            -Z(CONST)INFO=1000-10FF                           #
#                            -Z(CONST)INFOA=10C0-10FF                          #
#                            -Z(CONST)INFOB=1080-10BF                          #
#                            -Z(CONST)INFOC=1040-107F                          #
#                            -Z(CONST)INFOD=1000-103F                          #
#                            -Z(DATA)DATA16_I,DATA16_Z,DATA16_N,TLS16_I=0200-0 #
#                            3FF                                               #
#                            -Z(DATA)DATA16_HEAP+_DATA16_HEAP_SIZE             #
#                            -Z(DATA)CODE_I -Z(DATA)CSTACK+_STACK_SIZE#        #
#                            -Z(CONST)DATA16_C,DATA16_ID,TLS16_ID,DIFUNCT,CHEC #
#                            KSUM=C000-FFDD                                    #
#                            -Z(CODE)CSTART,ISR_CODE,CODE_ID=C000-FFDD         #
#                            -P(CODE)CODE=C000-FFDD                            #
#                            -Z(CONST)SIGNATURE=FFDE-FFDF                      #
#                            -Z(CODE)INTVEC=FFE0-FFFF                          #
#                            -Z(CODE)RESET=FFFE-FFFF) -D_STACK_SIZE=50 -rt     #
#                            "C:\Program Files (x86)\IAR Systems\Embedded Work #
#                            bench 8.5\430\lib\clib\cl430f.r43"                #
#                            -e_large_write=_formatted_write                   #
#                            -e_large_read=_formatted_read                     #
#                            -D_DATA16_HEAP_SIZE=50 -s __program_start         #
#                            -D_DATA20_HEAP_SIZE=50)                           #
#                                                                              #
#                           Copyright (C) 1987-2019 IAR Systems AB.            #
################################################################################





                ****************************************
                *                                      *
                *           CROSS REFERENCE            *
                *                                      *
                ****************************************

       Program entry at :           C0BC  Relocatable, from module : ?cstart




                ****************************************
                *                                      *
                *            RUNTIME MODEL             *
                *                                      *
                ****************************************

  __SystemLibrary = CLib
  __core          = 430
  __double_size   = 32
  __pic           = no
  __reg_r4        = free
  __reg_r5        = free
  __rt_version    = 3

                ****************************************
                *                                      *
                *    AUTOMATIC SYMBOL REDIRECTIONS     *
                *                                      *
                ****************************************

                  There are no automatic symbol redirections.



                ****************************************
                *                                      *
                *              MODULE MAP              *
                *                                      *
                ****************************************


  DEFINED ABSOLUTE ENTRIES
    *************************************************************************

  DEFINED ABSOLUTE ENTRIES
  PROGRAM MODULE, NAME : ?ABS_ENTRY_MOD

Absolute parts
           ENTRY                   ADDRESS         REF BY
           =====                   =======         ======
           _DATA20_HEAP_SIZE       0050 
           _DATA16_HEAP_SIZE       0050 
           _STACK_SIZE             0050 
    *************************************************************************

  FILE NAME : E:\Assembly\Projects\MSP430Clang\Debug\Obj\functions.r43
  PROGRAM MODULE, NAME : functions

  SEGMENTS IN THE MODULE
  ======================
DATA16_AN
  Relative segment, address: 0003 - 0003 (0x1 bytes), align: 0
  Segment part 1. ROOT        Intra module refs:   I2C_USCI_Read_Byte(unsigned char)
                                                   I2C_USCI_Read_Byte(unsigned char) (main)
                                                   I2C_USCI_Write_Byte(unsigned char, unsigned char)
                                                   I2C_USCI_Write_Byte(unsigned char, unsigned char) (main)
           ENTRY                   ADDRESS         REF BY
           =====                   =======         ======
           IFG2                    0003 
    -------------------------------------------------------------------------
DATA16_AN
  Relative segment, address: 0023 - 0023 (0x1 bytes), align: 0
  Segment part 2. ROOT        Intra module refs:   init() (main)
                                                   test()
                                                   test() (main)
           ENTRY                   ADDRESS         REF BY
           =====                   =======         ======
           P1IFG                   0023 
    -------------------------------------------------------------------------
DATA16_AN
  Relative segment, address: 0069 - 0069 (0x1 bytes), align: 0
  Segment part 3. ROOT        Intra module refs:   I2C_USCI_Init(unsigned char) (main)
                                                   I2C_USCI_Read_Byte(unsigned char)
                                                   I2C_USCI_Read_Byte(unsigned char) (main)
                                                   I2C_USCI_Write_Byte(unsigned char, unsigned char)
                                                   I2C_USCI_Write_Byte(unsigned char, unsigned char) (main)
           ENTRY                   ADDRESS         REF BY
           =====                   =======         ======
           UCB0CTL1                0069 
    -------------------------------------------------------------------------
DATA16_AN
  Relative segment, address: 006D - 006D (0x1 bytes), align: 0
  Segment part 4. ROOT        Intra module refs:   I2C_USCI_Write_Byte(unsigned char, unsigned char)
                                                   I2C_USCI_Write_Byte(unsigned char, unsigned char) (main)
           ENTRY                   ADDRESS         REF BY
           =====                   =======         ======
           UCB0STAT                006D 
    -------------------------------------------------------------------------
DATA16_AN
  Relative segment, address: 006E - 006E (0x1 bytes), align: 0
  Segment part 5. ROOT        Intra module refs:   I2C_USCI_Read_Byte(unsigned char)
                                                   I2C_USCI_Read_Byte(unsigned char) (main)
           ENTRY                   ADDRESS         REF BY
           =====                   =======         ======
           UCB0RXBUF               006E 
    -------------------------------------------------------------------------
DATA16_AN
  Relative segment, address: 006F - 006F (0x1 bytes), align: 0
  Segment part 6. ROOT        Intra module refs:   I2C_USCI_Read_Byte(unsigned char)
                                                   I2C_USCI_Read_Byte(unsigned char) (main)
                                                   I2C_USCI_Write_Byte(unsigned char, unsigned char)
                                                   I2C_USCI_Write_Byte(unsigned char, unsigned char) (main)
           ENTRY                   ADDRESS         REF BY
           =====                   =======         ======
           UCB0TXBUF               006F 
    -------------------------------------------------------------------------
DATA16_I
  Relative segment, address: 0200 - 0201 (0x2 bytes), align: 1
  Segment part 19.            Intra module refs:   dht_get(unsigned char *, unsigned char *)
           LOCAL                   ADDRESS         
           =====                   =======         
           P1_DIR                  0200 
    -------------------------------------------------------------------------
DATA16_I
  Relative segment, address: 0202 - 0203 (0x2 bytes), align: 1
  Segment part 21.            Intra module refs:   dht_get(unsigned char *, unsigned char *)
           LOCAL                   ADDRESS         
           =====                   =======         
           P1_OUT                  0202 
    -------------------------------------------------------------------------
DATA16_I
  Relative segment, address: 0204 - 0205 (0x2 bytes), align: 1
  Segment part 23.            Intra module refs:   dht_get(unsigned char *, unsigned char *)
                                                   dsTimeConfig()
           LOCAL                   ADDRESS         
           =====                   =======         
           P1_IN                   0204 
    -------------------------------------------------------------------------
DATA16_Z
  Relative segment, address: 020C - 020C (0x1 bytes), align: 0
  Segment part 25.            Intra module refs:   showDHT()
           LOCAL                   ADDRESS         
           =====                   =======         
           nhietdo                 020C 
    -------------------------------------------------------------------------
DATA16_Z
  Relative segment, address: 020D - 020D (0x1 bytes), align: 0
  Segment part 26.            Intra module refs:   showDHT()
           LOCAL                   ADDRESS         
           =====                   =======         
           doam                    020D 
    -------------------------------------------------------------------------
<CODE> 1 (was CODE)
  Relative segment, address: C8FA - C9F5 (0xfc bytes), align: 1
  Segment part 35.            Intra module refs:   showDHT()
           LOCAL                   ADDRESS         
           =====                   =======         
           dht_get(unsigned char *, unsigned char *)
                                   C8FA 
               calls direct
    -------------------------------------------------------------------------
<CODE> 1 (was CODE)
  Relative segment, address: D050 - D08B (0x3c bytes), align: 1
  Segment part 36.            Intra module refs:   dsReadTime()
           LOCAL                   ADDRESS         
           =====                   =======         
           I2C_USCI_Read_Byte(unsigned char)
                                   D050 
    -------------------------------------------------------------------------
<CODE> 1 (was CODE)
  Relative segment, address: CE2A - CE81 (0x58 bytes), align: 1
  Segment part 37.            Intra module refs:   dsTimeConfig()
           LOCAL                   ADDRESS         
           =====                   =======         
           I2C_USCI_Write_Byte(unsigned char, unsigned char)
                                   CE2A 
    -------------------------------------------------------------------------
DATA16_C
  Relative segment, address: C01C - C01F (0x4 bytes), align: 0
  Segment part 10.            Intra module refs:   _weekdays(unsigned char)
    -------------------------------------------------------------------------
DATA16_C
  Relative segment, address: C020 - C023 (0x4 bytes), align: 0
  Segment part 11.            Intra module refs:   _weekdays(unsigned char)
    -------------------------------------------------------------------------
DATA16_C
  Relative segment, address: C024 - C027 (0x4 bytes), align: 0
  Segment part 12.            Intra module refs:   _weekdays(unsigned char)
    -------------------------------------------------------------------------
DATA16_C
  Relative segment, address: C028 - C02B (0x4 bytes), align: 0
  Segment part 13.            Intra module refs:   _weekdays(unsigned char)
    -------------------------------------------------------------------------
DATA16_C
  Relative segment, address: C02C - C02F (0x4 bytes), align: 0
  Segment part 14.            Intra module refs:   _weekdays(unsigned char)
    -------------------------------------------------------------------------
DATA16_C
  Relative segment, address: C030 - C033 (0x4 bytes), align: 0
  Segment part 15.            Intra module refs:   _weekdays(unsigned char)
    -------------------------------------------------------------------------
DATA16_C
  Relative segment, address: C034 - C037 (0x4 bytes), align: 0
  Segment part 16.            Intra module refs:   _weekdays(unsigned char)
    -------------------------------------------------------------------------
DATA16_C
  Relative segment, address: C038 - C03E (0x7 bytes), align: 0
  Segment part 17.            Intra module refs:   showDHT()
    -------------------------------------------------------------------------
DATA16_C
  Relative segment, address: C03F - C045 (0x7 bytes), align: 0
  Segment part 18.            Intra module refs:   showDHT()
    -------------------------------------------------------------------------
DATA16_C
  Relative segment, address: C046 - C04C (0x7 bytes), align: 0
  Segment part 27.            Intra module refs:   dsTimeConfig()
           LOCAL                   ADDRESS         
           =====                   =======         
           _posiX                  C046 
    -------------------------------------------------------------------------
DATA16_C
  Relative segment, address: C04D - C053 (0x7 bytes), align: 0
  Segment part 28.            Intra module refs:   dsTimeConfig()
           LOCAL                   ADDRESS         
           =====                   =======         
           _posiY                  C04D 
    -------------------------------------------------------------------------
DATA16_C
  Relative segment, address: C054 - C05A (0x7 bytes), align: 0
  Segment part 29.            Intra module refs:   dsTimeConfig()
           LOCAL                   ADDRESS         
           =====                   =======         
           _symbolPosiY            C054 
    -------------------------------------------------------------------------
DATA16_C
  Relative segment, address: C05B - C061 (0x7 bytes), align: 0
  Segment part 30.            Intra module refs:   dsTimeConfig()
           LOCAL                   ADDRESS         
           =====                   =======         
           _symbol                 C05B 
    -------------------------------------------------------------------------
DATA16_C
  Relative segment, address: C000 - C00D (0xe bytes), align: 1
  Segment part 31.            Intra module refs:   dsTimeConfig()
           LOCAL                   ADDRESS         
           =====                   =======         
           _maxVal                 C000 
    -------------------------------------------------------------------------
DATA16_Z
  Relative segment, address: 020E - 0214 (0x7 bytes), align: 0
  Segment part 32.            Intra module refs:   dsReadTime()
                                                   dsTimeConfig()
           LOCAL                   ADDRESS         
           =====                   =======         
           Temp                    020E 
    -------------------------------------------------------------------------
DATA16_Z
  Relative segment, address: 0215 - 021B (0x7 bytes), align: 0
  Segment part 33.            Intra module refs:   dsReadTime()
                                                   dsTimeConfig()
           LOCAL                   ADDRESS         
           =====                   =======         
           time10                  0215 
    -------------------------------------------------------------------------
<CODE> 1 (was CODE)
  Relative segment, address: CCFC - CD69 (0x6e bytes), align: 1
  Segment part 38.            Intra module refs:   dsTimeConfig()
           LOCAL                   ADDRESS         
           =====                   =======         
           dsReadTime()            CCFC 
               calls direct
    -------------------------------------------------------------------------
<CODE> 1 (was CODE)
  Relative segment, address: C0E4 - C349 (0x266 bytes), align: 1
  Segment part 41.            Intra module refs:   test()
           LOCAL                   ADDRESS         
           =====                   =======         
           dsTimeConfig()          C0E4 
               calls direct
    -------------------------------------------------------------------------
<CODE> 1 (was CODE)
  Relative segment, address: CED8 - CF2D (0x56 bytes), align: 1
  Segment part 39.            Intra module refs:   dsTimeConfig()
           LOCAL                   ADDRESS         
           =====                   =======         
           _maxDayofMonth(unsigned char, unsigned char)
                                   CED8 
               calls direct
    -------------------------------------------------------------------------
<CODE> 1 (was CODE)
  Relative segment, address: CF2E - CF7F (0x52 bytes), align: 1
  Segment part 40.            Intra module refs:   dsTimeConfig()
           LOCAL                   ADDRESS         
           =====                   =======         
           _weekdays(unsigned char)
                                   CF2E 
    -------------------------------------------------------------------------
DATA16_Z
  Relative segment, address: 021C - 021C (0x1 bytes), align: 0
  Segment part 34.            Intra module refs:   test()
           LOCAL                   ADDRESS         
           =====                   =======         
           _isInterrupted          021C 
    -------------------------------------------------------------------------
<CODE> 1 (was CODE)
  Relative segment, address: D0BE - D0EF (0x32 bytes), align: 1
  Segment part 43.            Intra module refs:   test()::??INTVEC 4
           LOCAL                   ADDRESS         
           =====                   =======         
           test()                  D0BE 
               interrupt function
               calls direct
    -------------------------------------------------------------------------
<CODE> 1 (was CODE)
  Relative segment, address: C6F6 - C7F7 (0x102 bytes), align: 1
  Segment part 42.            Intra module refs:   test()
           LOCAL                   ADDRESS         
           =====                   =======         
           showDHT()               C6F6 
               calls direct
    -------------------------------------------------------------------------
INTVEC
  Common segment, address: FFE0 - FFE5 (0x6 bytes), align: 1
  Segment part 7. ROOT 
           LOCAL                   ADDRESS         
           =====                   =======         
           test()::??INTVEC 4      FFE4 
    -------------------------------------------------------------------------
DATA16_ID
  Relative segment, address: C0B0 - C0B1 (0x2 bytes), align: 1
  Segment part 20.            Intra module refs:   P1_DIR
    -------------------------------------------------------------------------
DATA16_ID
  Relative segment, address: C0B2 - C0B3 (0x2 bytes), align: 1
  Segment part 22.            Intra module refs:   P1_OUT
    -------------------------------------------------------------------------
DATA16_ID
  Relative segment, address: C0B4 - C0B5 (0x2 bytes), align: 1
  Segment part 24.            Intra module refs:   P1_IN

    *************************************************************************

  FILE NAME : E:\Assembly\Projects\MSP430Clang\Debug\Obj\LCD16x2.r43
  PROGRAM MODULE, NAME : LCD16x2

  SEGMENTS IN THE MODULE
  ======================
DATA16_AN
  Relative segment, address: 0029 - 0029 (0x1 bytes), align: 0
  Segment part 1. ROOT        Intra module refs:   _send2LCD(char, int)
                                                   init() (main)
           ENTRY                   ADDRESS         REF BY
           =====                   =======         ======
           P2OUT                   0029 
    -------------------------------------------------------------------------
<CODE> 1 (was CODE)
  Relative segment, address: CD6A - CDD1 (0x68 bytes), align: 1
  Segment part 3.             Intra module refs:   LCD_clear()
                                                   LCD_goto(unsigned char, unsigned char)
                                                   LCD_init()
                                                   LCD_showALetter(char)
                                                   LCD_showString(char const *, int)
           ENTRY                   ADDRESS         REF BY
           =====                   =======         ======
           _send2LCD(char, int)    CD6A 
               calls direct
    -------------------------------------------------------------------------
<CODE> 1 (was CODE)
  Relative segment, address: D25E - D26D (0x10 bytes), align: 1
  Segment part 5.             Intra module refs:   LCD_showString(char const *, int)
           ENTRY                   ADDRESS         REF BY
           =====                   =======         ======
           LCD_showALetter(char)   D25E            dsShowTime() (main)
                                                   dsTimeConfig() (functions)
                                                   dsTimeConfig() (main)
                                                   showDHT() (functions)
                                                   showDHT() (main)
               calls direct
    -------------------------------------------------------------------------
<CODE> 1 (was CODE)
  Relative segment, address: CFD2 - D013 (0x42 bytes), align: 1
  Segment part 6.
           ENTRY                   ADDRESS         REF BY
           =====                   =======         ======
           LCD_showString(char const *, int)
                                   CFD2            showDHT() (functions)
                                                   showDHT() (main)
               calls direct
    -------------------------------------------------------------------------
<CODE> 1 (was CODE)
  Relative segment, address: D286 - D28F (0xa bytes), align: 1
  Segment part 7.             Intra module refs:   LCD_init()
           ENTRY                   ADDRESS         REF BY
           =====                   =======         ======
           LCD_clear()             D286            dsTimeConfig() (functions)
                                                   dsTimeConfig() (main)
                                                   main (main)
                                                   showDHT() (functions)
                                                   showDHT() (main)
               calls direct
    -------------------------------------------------------------------------
<CODE> 1 (was CODE)
  Relative segment, address: D154 - D183 (0x30 bytes), align: 1
  Segment part 8.
           ENTRY                   ADDRESS         REF BY
           =====                   =======         ======
           LCD_init()              D154            init() (main)
               calls direct
    -------------------------------------------------------------------------
<CODE> 1 (was CODE)
  Relative segment, address: D1B4 - D1DF (0x2c bytes), align: 1
  Segment part 9.
           ENTRY                   ADDRESS         REF BY
           =====                   =======         ======
           LCD_goto(unsigned char, unsigned char)
                                   D1B4            dsShowTime() (main)
                                                   dsTimeConfig() (functions)
                                                   dsTimeConfig() (main)
               calls direct

    *************************************************************************

  FILE NAME : E:\Assembly\Projects\MSP430Clang\Debug\Obj\main.r43
  PROGRAM MODULE, NAME : main

  SEGMENTS IN THE MODULE
  ======================
DATA16_AN
  Relative segment, address: 0056 - 0056 (0x1 bytes), align: 0
  Segment part 2. ROOT        Intra module refs:   Select_Clock(CLOCK)
                                                   init()
           ENTRY                   ADDRESS         REF BY
           =====                   =======         ======
           DCOCTL                  0056 
    -------------------------------------------------------------------------
DATA16_AN
  Relative segment, address: 0057 - 0057 (0x1 bytes), align: 0
  Segment part 3. ROOT        Intra module refs:   Select_Clock(CLOCK)
                                                   init()
           ENTRY                   ADDRESS         REF BY
           =====                   =======         ======
           BCSCTL1                 0057 
    -------------------------------------------------------------------------
DATA16_AN
  Relative segment, address: 0058 - 0058 (0x1 bytes), align: 0
  Segment part 4. ROOT        Intra module refs:   Select_Clock(CLOCK)
           ENTRY                   ADDRESS         REF BY
           =====                   =======         ======
           BCSCTL2                 0058 
    -------------------------------------------------------------------------
DATA16_AN
  Relative segment, address: 0053 - 0053 (0x1 bytes), align: 0
  Segment part 5. ROOT        Intra module refs:   Select_Clock(CLOCK)
           ENTRY                   ADDRESS         REF BY
           =====                   =======         ======
           BCSCTL3                 0053 
    -------------------------------------------------------------------------
DATA16_AN
  Relative segment, address: 0022 - 0022 (0x1 bytes), align: 0
  Segment part 6. ROOT        Intra module refs:   init()
           ENTRY                   ADDRESS         REF BY
           =====                   =======         ======
           P1DIR                   0022 
    -------------------------------------------------------------------------
DATA16_AN
  Relative segment, address: 0024 - 0024 (0x1 bytes), align: 0
  Segment part 8. ROOT        Intra module refs:   init()
           ENTRY                   ADDRESS         REF BY
           =====                   =======         ======
           P1IES                   0024 
    -------------------------------------------------------------------------
DATA16_AN
  Relative segment, address: 0025 - 0025 (0x1 bytes), align: 0
  Segment part 9. ROOT        Intra module refs:   init()
           ENTRY                   ADDRESS         REF BY
           =====                   =======         ======
           P1IE                    0025 
    -------------------------------------------------------------------------
DATA16_AN
  Relative segment, address: 0026 - 0026 (0x1 bytes), align: 0
  Segment part 10. ROOT       Intra module refs:   I2C_USCI_Init(unsigned char)
           ENTRY                   ADDRESS         REF BY
           =====                   =======         ======
           P1SEL                   0026 
    -------------------------------------------------------------------------
DATA16_AN
  Relative segment, address: 0041 - 0041 (0x1 bytes), align: 0
  Segment part 11. ROOT       Intra module refs:   I2C_USCI_Init(unsigned char)
           ENTRY                   ADDRESS         REF BY
           =====                   =======         ======
           P1SEL2                  0041 
    -------------------------------------------------------------------------
DATA16_AN
  Relative segment, address: 002A - 002A (0x1 bytes), align: 0
  Segment part 13. ROOT       Intra module refs:   init()
           ENTRY                   ADDRESS         REF BY
           =====                   =======         ======
           P2DIR                   002A 
    -------------------------------------------------------------------------
DATA16_AN
  Relative segment, address: 0068 - 0068 (0x1 bytes), align: 0
  Segment part 14. ROOT       Intra module refs:   I2C_USCI_Init(unsigned char)
           ENTRY                   ADDRESS         REF BY
           =====                   =======         ======
           UCB0CTL0                0068 
    -------------------------------------------------------------------------
DATA16_AN
  Relative segment, address: 006A - 006A (0x1 bytes), align: 0
  Segment part 16. ROOT       Intra module refs:   I2C_USCI_Init(unsigned char)
           ENTRY                   ADDRESS         REF BY
           =====                   =======         ======
           UCB0BR0                 006A 
    -------------------------------------------------------------------------
DATA16_AN
  Relative segment, address: 006B - 006B (0x1 bytes), align: 0
  Segment part 17. ROOT       Intra module refs:   I2C_USCI_Init(unsigned char)
           ENTRY                   ADDRESS         REF BY
           =====                   =======         ======
           UCB0BR1                 006B 
    -------------------------------------------------------------------------
DATA16_AN
  Relative segment, address: 011A - 011B (0x2 bytes), align: 0
  Segment part 21. ROOT       Intra module refs:   I2C_USCI_Init(unsigned char)
           ENTRY                   ADDRESS         REF BY
           =====                   =======         ======
           UCB0I2CSA               011A 
    -------------------------------------------------------------------------
DATA16_AN
  Relative segment, address: 0120 - 0121 (0x2 bytes), align: 0
  Segment part 22. ROOT       Intra module refs:   init()
           ENTRY                   ADDRESS         REF BY
           =====                   =======         ======
           WDTCTL                  0120 
    -------------------------------------------------------------------------
DATA16_AN
  Relative segment, address: 10F8 - 10F8 (0x1 bytes), align: 0
  Segment part 23. ROOT       Intra module refs:   Select_Clock(CLOCK)
           ENTRY                   ADDRESS         REF BY
           =====                   =======         ======
           CALDCO_16MHZ            10F8 
    -------------------------------------------------------------------------
DATA16_AN
  Relative segment, address: 10F9 - 10F9 (0x1 bytes), align: 0
  Segment part 24. ROOT       Intra module refs:   Select_Clock(CLOCK)
           ENTRY                   ADDRESS         REF BY
           =====                   =======         ======
           CALBC1_16MHZ            10F9 
    -------------------------------------------------------------------------
DATA16_AN
  Relative segment, address: 10FA - 10FA (0x1 bytes), align: 0
  Segment part 25. ROOT       Intra module refs:   Select_Clock(CLOCK)
           ENTRY                   ADDRESS         REF BY
           =====                   =======         ======
           CALDCO_12MHZ            10FA 
    -------------------------------------------------------------------------
DATA16_AN
  Relative segment, address: 10FB - 10FB (0x1 bytes), align: 0
  Segment part 26. ROOT       Intra module refs:   Select_Clock(CLOCK)
           ENTRY                   ADDRESS         REF BY
           =====                   =======         ======
           CALBC1_12MHZ            10FB 
    -------------------------------------------------------------------------
DATA16_AN
  Relative segment, address: 10FC - 10FC (0x1 bytes), align: 0
  Segment part 27. ROOT       Intra module refs:   Select_Clock(CLOCK)
           ENTRY                   ADDRESS         REF BY
           =====                   =======         ======
           CALDCO_8MHZ             10FC 
    -------------------------------------------------------------------------
DATA16_AN
  Relative segment, address: 10FD - 10FD (0x1 bytes), align: 0
  Segment part 28. ROOT       Intra module refs:   Select_Clock(CLOCK)
           ENTRY                   ADDRESS         REF BY
           =====                   =======         ======
           CALBC1_8MHZ             10FD 
    -------------------------------------------------------------------------
DATA16_AN
  Relative segment, address: 10FE - 10FE (0x1 bytes), align: 0
  Segment part 29. ROOT       Intra module refs:   Select_Clock(CLOCK)
                                                   init()
           ENTRY                   ADDRESS         REF BY
           =====                   =======         ======
           CALDCO_1MHZ             10FE 
    -------------------------------------------------------------------------
DATA16_AN
  Relative segment, address: 10FF - 10FF (0x1 bytes), align: 0
  Segment part 30. ROOT       Intra module refs:   Select_Clock(CLOCK)
                                                   init()
           ENTRY                   ADDRESS         REF BY
           =====                   =======         ======
           CALBC1_1MHZ             10FF 
    -------------------------------------------------------------------------
DATA16_I
  Relative segment, address: 0206 - 0207 (0x2 bytes), align: 1
  Segment part 44.            Intra module refs:   dht_get(unsigned char *, unsigned char *)
                                                   init()
           LOCAL                   ADDRESS         
           =====                   =======         
           P1_DIR                  0206 
    -------------------------------------------------------------------------
DATA16_I
  Relative segment, address: 0208 - 0209 (0x2 bytes), align: 1
  Segment part 46.            Intra module refs:   dht_get(unsigned char *, unsigned char *)
           LOCAL                   ADDRESS         
           =====                   =======         
           P1_OUT                  0208 
    -------------------------------------------------------------------------
DATA16_I
  Relative segment, address: 020A - 020B (0x2 bytes), align: 1
  Segment part 48.            Intra module refs:   dht_get(unsigned char *, unsigned char *)
                                                   dsTimeConfig()
           LOCAL                   ADDRESS         
           =====                   =======         
           P1_IN                   020A 
    -------------------------------------------------------------------------
DATA16_Z
  Relative segment, address: 021D - 021D (0x1 bytes), align: 0
  Segment part 50.            Intra module refs:   main
                                                   showDHT()
           LOCAL                   ADDRESS         
           =====                   =======         
           nhietdo                 021D 
    -------------------------------------------------------------------------
DATA16_Z
  Relative segment, address: 021E - 021E (0x1 bytes), align: 0
  Segment part 51.            Intra module refs:   main
                                                   showDHT()
           LOCAL                   ADDRESS         
           =====                   =======         
           doam                    021E 
    -------------------------------------------------------------------------
<CODE> 1 (was CODE)
  Relative segment, address: C9F6 - CAF1 (0xfc bytes), align: 1
  Segment part 60.            Intra module refs:   main
                                                   showDHT()
           LOCAL                   ADDRESS         
           =====                   =======         
           dht_get(unsigned char *, unsigned char *)
                                   C9F6 
               calls direct
    -------------------------------------------------------------------------
<CODE> 1 (was CODE)
  Relative segment, address: D08C - D0BD (0x32 bytes), align: 1
  Segment part 61.            Intra module refs:   dsInit()
           LOCAL                   ADDRESS         
           =====                   =======         
           I2C_USCI_Init(unsigned char)
                                   D08C 
    -------------------------------------------------------------------------
<CODE> 1 (was CODE)
  Relative segment, address: D014 - D04F (0x3c bytes), align: 1
  Segment part 62.            Intra module refs:   dsReadTime()
           LOCAL                   ADDRESS         
           =====                   =======         
           I2C_USCI_Read_Byte(unsigned char)
                                   D014 
    -------------------------------------------------------------------------
<CODE> 1 (was CODE)
  Relative segment, address: CDD2 - CE29 (0x58 bytes), align: 1
  Segment part 63.            Intra module refs:   dsInit()
                                                   dsSetTime()
                                                   dsTimeConfig()
           LOCAL                   ADDRESS         
           =====                   =======         
           I2C_USCI_Write_Byte(unsigned char, unsigned char)
                                   CDD2 
    -------------------------------------------------------------------------
DATA16_C
  Relative segment, address: C062 - C068 (0x7 bytes), align: 0
  Segment part 34.            Intra module refs:   dsSetTime()
    -------------------------------------------------------------------------
DATA16_C
  Relative segment, address: C069 - C06C (0x4 bytes), align: 0
  Segment part 35.            Intra module refs:   _weekdays(unsigned char)
    -------------------------------------------------------------------------
DATA16_C
  Relative segment, address: C06D - C070 (0x4 bytes), align: 0
  Segment part 36.            Intra module refs:   _weekdays(unsigned char)
    -------------------------------------------------------------------------
DATA16_C
  Relative segment, address: C071 - C074 (0x4 bytes), align: 0
  Segment part 37.            Intra module refs:   _weekdays(unsigned char)
    -------------------------------------------------------------------------
DATA16_C
  Relative segment, address: C075 - C078 (0x4 bytes), align: 0
  Segment part 38.            Intra module refs:   _weekdays(unsigned char)
    -------------------------------------------------------------------------
DATA16_C
  Relative segment, address: C079 - C07C (0x4 bytes), align: 0
  Segment part 39.            Intra module refs:   _weekdays(unsigned char)
    -------------------------------------------------------------------------
DATA16_C
  Relative segment, address: C07D - C080 (0x4 bytes), align: 0
  Segment part 40.            Intra module refs:   _weekdays(unsigned char)
    -------------------------------------------------------------------------
DATA16_C
  Relative segment, address: C081 - C084 (0x4 bytes), align: 0
  Segment part 41.            Intra module refs:   _weekdays(unsigned char)
    -------------------------------------------------------------------------
DATA16_C
  Relative segment, address: C085 - C08B (0x7 bytes), align: 0
  Segment part 42.            Intra module refs:   showDHT()
    -------------------------------------------------------------------------
DATA16_C
  Relative segment, address: C08C - C092 (0x7 bytes), align: 0
  Segment part 43.            Intra module refs:   showDHT()
    -------------------------------------------------------------------------
DATA16_C
  Relative segment, address: C093 - C099 (0x7 bytes), align: 0
  Segment part 52.            Intra module refs:   dsShowTime()
                                                   dsTimeConfig()
           LOCAL                   ADDRESS         
           =====                   =======         
           _posiX                  C093 
    -------------------------------------------------------------------------
DATA16_C
  Relative segment, address: C09A - C0A0 (0x7 bytes), align: 0
  Segment part 53.            Intra module refs:   dsShowTime()
                                                   dsTimeConfig()
           LOCAL                   ADDRESS         
           =====                   =======         
           _posiY                  C09A 
    -------------------------------------------------------------------------
DATA16_C
  Relative segment, address: C0A1 - C0A7 (0x7 bytes), align: 0
  Segment part 54.            Intra module refs:   dsShowTime()
                                                   dsTimeConfig()
           LOCAL                   ADDRESS         
           =====                   =======         
           _symbolPosiY            C0A1 
    -------------------------------------------------------------------------
DATA16_C
  Relative segment, address: C0A8 - C0AE (0x7 bytes), align: 0
  Segment part 55.            Intra module refs:   dsShowTime()
                                                   dsTimeConfig()
           LOCAL                   ADDRESS         
           =====                   =======         
           _symbol                 C0A8 
    -------------------------------------------------------------------------
DATA16_C
  Relative segment, address: C00E - C01B (0xe bytes), align: 1
  Segment part 56.            Intra module refs:   dsTimeConfig()
           LOCAL                   ADDRESS         
           =====                   =======         
           _maxVal                 C00E 
    -------------------------------------------------------------------------
DATA16_Z
  Relative segment, address: 021F - 0225 (0x7 bytes), align: 0
  Segment part 57.            Intra module refs:   dsReadTime()
                                                   dsTimeConfig()
           LOCAL                   ADDRESS         
           =====                   =======         
           Temp                    021F 
    -------------------------------------------------------------------------
DATA16_Z
  Relative segment, address: 0226 - 022C (0x7 bytes), align: 0
  Segment part 58.            Intra module refs:   dsReadTime()
                                                   dsShowTime()
                                                   dsTimeConfig()
           LOCAL                   ADDRESS         
           =====                   =======         
           time10                  0226 
    -------------------------------------------------------------------------
<CODE> 1 (was CODE)
  Relative segment, address: D238 - D24D (0x16 bytes), align: 1
  Segment part 64.            Intra module refs:   init()
           LOCAL                   ADDRESS         
           =====                   =======         
           dsInit()                D238 
               calls direct
    -------------------------------------------------------------------------
<CODE> 1 (was CODE)
  Relative segment, address: CBAE - CC1D (0x70 bytes), align: 1
  Segment part 65.            Intra module refs:   init()
           LOCAL                   ADDRESS         
           =====                   =======         
           dsSetTime()             CBAE 
               calls direct
    -------------------------------------------------------------------------
<CODE> 1 (was CODE)
  Relative segment, address: CC8E - CCFB (0x6e bytes), align: 1
  Segment part 66.            Intra module refs:   dsShowTime()
                                                   dsTimeConfig()
           LOCAL                   ADDRESS         
           =====                   =======         
           dsReadTime()            CC8E 
               calls direct
    -------------------------------------------------------------------------
<CODE> 1 (was CODE)
  Relative segment, address: CAF2 - CBAD (0xbc bytes), align: 1
  Segment part 68.            Intra module refs:   main
           LOCAL                   ADDRESS         
           =====                   =======         
           dsShowTime()            CAF2 
               calls direct
    -------------------------------------------------------------------------
<CODE> 1 (was CODE)
  Relative segment, address: C34A - C5AF (0x266 bytes), align: 1
  Segment part 70.            Intra module refs:   test()
           LOCAL                   ADDRESS         
           =====                   =======         
           dsTimeConfig()          C34A 
               calls direct
    -------------------------------------------------------------------------
<CODE> 1 (was CODE)
  Relative segment, address: CE82 - CED7 (0x56 bytes), align: 1
  Segment part 69.            Intra module refs:   dsTimeConfig()
           LOCAL                   ADDRESS         
           =====                   =======         
           _maxDayofMonth(unsigned char, unsigned char)
                                   CE82 
               calls direct
    -------------------------------------------------------------------------
<CODE> 1 (was CODE)
  Relative segment, address: CF80 - CFD1 (0x52 bytes), align: 1
  Segment part 67.            Intra module refs:   dsShowTime()
                                                   dsTimeConfig()
           LOCAL                   ADDRESS         
           =====                   =======         
           _weekdays(unsigned char)
                                   CF80 
    -------------------------------------------------------------------------
<CODE> 1 (was CODE)
  Relative segment, address: C5B0 - C6F5 (0x146 bytes), align: 1
  Segment part 71.            Intra module refs:   init()
           LOCAL                   ADDRESS         
           =====                   =======         
           Select_Clock(CLOCK)     C5B0 
    -------------------------------------------------------------------------
DATA16_Z
  Relative segment, address: 022D - 022D (0x1 bytes), align: 0
  Segment part 59.            Intra module refs:   main
                                                   test()
           LOCAL                   ADDRESS         
           =====                   =======         
           _isInterrupted          022D 
    -------------------------------------------------------------------------
<CODE> 1 (was CODE)
  Relative segment, address: CC1E - CC8D (0x70 bytes), align: 1
  Segment part 72.            Intra module refs:   main
           LOCAL                   ADDRESS         
           =====                   =======         
           init()                  CC1E 
               calls direct
    -------------------------------------------------------------------------
<CODE> 1 (was CODE)
  Relative segment, address: D122 - D153 (0x32 bytes), align: 1
  Segment part 74.            Intra module refs:   test()::??INTVEC 4
           LOCAL                   ADDRESS         
           =====                   =======         
           test()                  D122 
               interrupt function
               calls direct
    -------------------------------------------------------------------------
<CODE> 1 (was CODE)
  Relative segment, address: C7F8 - C8F9 (0x102 bytes), align: 1
  Segment part 73.            Intra module refs:   test()
           LOCAL                   ADDRESS         
           =====                   =======         
           showDHT()               C7F8 
               calls direct
    -------------------------------------------------------------------------
<CODE> 1 (was CODE)
  Relative segment, address: D1E0 - D203 (0x24 bytes), align: 1
  Segment part 75.
           ENTRY                   ADDRESS         REF BY
           =====                   =======         ======
           main                    D1E0            Segment part 19 (?cstart)
               calls direct
    -------------------------------------------------------------------------
INTVEC
  Common segment, address: FFE0 - FFE5 (0x6 bytes), align: 1
  Segment part 31. ROOT 
           LOCAL                   ADDRESS         
           =====                   =======         
           test()::??INTVEC 4      FFE4 
    -------------------------------------------------------------------------
DATA16_ID
  Relative segment, address: C0B6 - C0B7 (0x2 bytes), align: 1
  Segment part 45.            Intra module refs:   P1_DIR
    -------------------------------------------------------------------------
DATA16_ID
  Relative segment, address: C0B8 - C0B9 (0x2 bytes), align: 1
  Segment part 47.            Intra module refs:   P1_OUT
    -------------------------------------------------------------------------
DATA16_ID
  Relative segment, address: C0BA - C0BB (0x2 bytes), align: 1
  Segment part 49.            Intra module refs:   P1_IN

    *************************************************************************

  FILE NAME : C:\Program Files (x86)\IAR Systems\Embedded Workbench 8.5\430\lib\clib\cl430f.r43
  LIBRARY MODULE, NAME : ?_exit

  SEGMENTS IN THE MODULE
  ======================
<CODE> 1 (was CODE)
  Relative segment, address: D29E, align: 1
  Segment part 0.
           ENTRY                   ADDRESS         REF BY
           =====                   =======         ======
           _exit                   D29E            exit (?clibexit)
    -------------------------------------------------------------------------
<CODE> 1 (was CODE)
  Relative segment, address: D29E - D2A1 (0x4 bytes), align: 1
  Segment part 6.             Intra module refs:   _exit

    -------------------------------------------------------------------------
  LIBRARY MODULE, NAME : ?clibexit

  SEGMENTS IN THE MODULE
  ======================
<CODE> 1 (was CODE)
  Relative segment, address: D29A - D29D (0x4 bytes), align: 1
  Segment part 2.
           ENTRY                   ADDRESS         REF BY
           =====                   =======         ======
           exit                    D29A            Segment part 19 (?cstart)
               calls direct

    -------------------------------------------------------------------------
  LIBRARY MODULE, NAME : ?__exit

  SEGMENTS IN THE MODULE
  ======================
<CODE> 1 (was CODE)
  Relative segment, address: D2A6 - D2A7 (0x2 bytes), align: 1
  Segment part 0.
           ENTRY                   ADDRESS         REF BY
           =====                   =======         ======
           __exit                  D2A6            Segment part 6 (?_exit)
                                                   _exit (?_exit)
           ?C_EXIT                 D2A6 

    -------------------------------------------------------------------------
  LIBRARY MODULE, NAME : ?cstart

  SEGMENTS IN THE MODULE
  ======================
CSTACK
  Relative segment, address: 03B0, align: 1
  Segment part 1.
    -------------------------------------------------------------------------
DATA16_Z
  Relative segment, address: 020C, align: 1
  Segment part 2.
    -------------------------------------------------------------------------
DATA16_I
  Relative segment, address: 020C, align: 1
  Segment part 3.
    -------------------------------------------------------------------------
DATA16_ID
  Relative segment, address: C0BC, align: 1
  Segment part 4.
    -------------------------------------------------------------------------
CSTART
  Relative segment, address: C0BC - C0BF (0x4 bytes), align: 1
  Segment part 9.
           ENTRY                   ADDRESS         REF BY
           =====                   =======         ======
           __program_start         C0BC            ?reset_vector (?reset_vector)
                                                   Absolute parts (?ABS_ENTRY_MOD)
           ?cstart_begin           C0BC 
    -------------------------------------------------------------------------
CSTART
  Relative segment, address: C0C0 - C0CB (0xc bytes), align: 1
  Segment part 14.
           ENTRY                   ADDRESS         REF BY
           =====                   =======         ======
           ?cstart_init_zero       C0C0            Temp (functions)
                                                   Temp (main)
                                                   _isInterrupted (functions)
                                                   _isInterrupted (main)
                                                   doam (functions)
                                                   doam (main)
                                                   nhietdo (functions)
                                                   nhietdo (main)
                                                   time10 (functions)
                                                   time10 (main)
    -------------------------------------------------------------------------
CSTART
  Relative segment, address: C0CC - C0DB (0x10 bytes), align: 1
  Segment part 15.
           ENTRY                   ADDRESS         REF BY
           =====                   =======         ======
           ?cstart_init_copy       C0CC            P1_DIR (functions)
                                                   P1_DIR (main)
                                                   P1_IN (functions)
                                                   P1_IN (main)
                                                   P1_OUT (functions)
                                                   P1_OUT (main)
    -------------------------------------------------------------------------
CSTART
  Relative segment, address: C0DC - C0E3 (0x8 bytes), align: 1
  Segment part 19.            Intra module refs:   Segment part 9
           ENTRY                   ADDRESS         REF BY
           =====                   =======         ======
           ?cstart_call_main       C0DC 
           ?cstart_end             C0E4 

    -------------------------------------------------------------------------
  LIBRARY MODULE, NAME : ?reset_vector

  SEGMENTS IN THE MODULE
  ======================
RESET
  Relative segment, address: FFFE - FFFF (0x2 bytes), align: 1
  Segment part 0.
           ENTRY                   ADDRESS         REF BY
           =====                   =======         ======
           ?reset_vector           FFFE            Segment part 9 (?cstart)

    -------------------------------------------------------------------------
  LIBRARY MODULE, NAME : ?Epilogue

  SEGMENTS IN THE MODULE
  ======================
<CODE> 1 (was CODE)
  Relative segment, address: D290 - D291 (0x2 bytes), align: 1
  Segment part 4.
           ENTRY                   ADDRESS         REF BY
           =====                   =======         ======
           ?Epilogue4              D290            dsTimeConfig() (functions)
                                                   dsTimeConfig() (main)
    -------------------------------------------------------------------------
<CODE> 1 (was CODE)
  Relative segment, address: D292 - D299 (0x8 bytes), align: 1
  Segment part 5.             Intra module refs:   ?Epilogue4
           ENTRY                   ADDRESS         REF BY
           =====                   =======         ======
           ?Epilogue3              D292            LCD_showString(char const *, int) (LCD16x2)
                                                   dht_get(unsigned char *, unsigned char *) (functions)
                                                   dht_get(unsigned char *, unsigned char *) (main)
                                                   dsShowTime() (main)

    -------------------------------------------------------------------------
  LIBRARY MODULE, NAME : ?Mul816

  SEGMENTS IN THE MODULE
  ======================
<CODE> 1 (was CODE)
  Relative segment, address: D0F0 - D0F3 (0x4 bytes), align: 1
  Segment part 0.
           ENTRY                   ADDRESS         REF BY
           =====                   =======         ======
           ?Mul8                   D0F0            dsShowTime() (main)
                                                   dsTimeConfig() (functions)
                                                   dsTimeConfig() (main)
                                                   showDHT() (functions)
                                                   showDHT() (main)
    -------------------------------------------------------------------------
<CODE> 1 (was CODE)
  Relative segment, address: D0F4 - D121 (0x2e bytes), align: 1
  Segment part 1.             Intra module refs:   ?Mul8
           ENTRY                   ADDRESS         REF BY
           =====                   =======         ======
           ?Mul16                  D0F4 
           ?Mul16to32u             D0F4 

    -------------------------------------------------------------------------
  LIBRARY MODULE, NAME : ?DivMod816u

  SEGMENTS IN THE MODULE
  ======================
<CODE> 1 (was CODE)
  Relative segment, address: D204 - D207 (0x4 bytes), align: 1
  Segment part 0.
           ENTRY                   ADDRESS         REF BY
           =====                   =======         ======
           ?DivMod8u               D204            dsShowTime() (main)
                                                   dsTimeConfig() (functions)
                                                   dsTimeConfig() (main)
                                                   showDHT() (functions)
                                                   showDHT() (main)
    -------------------------------------------------------------------------
<CODE> 1 (was CODE)
  Relative segment, address: D208 - D21F (0x18 bytes), align: 1
  Segment part 1.             Intra module refs:   ?DivMod8u
           ENTRY                   ADDRESS         REF BY
           =====                   =======         ======
           ?DivMod16u              D208            ?DivMod16s (?DivMod816s)
                                                   dsTimeConfig() (functions)
                                                   dsTimeConfig() (main)

    -------------------------------------------------------------------------
  LIBRARY MODULE, NAME : ?DivMod816s

  SEGMENTS IN THE MODULE
  ======================
<CODE> 1 (was CODE)
  Relative segment, address: D184 - D1B3 (0x30 bytes), align: 1
  Segment part 1.
           ENTRY                   ADDRESS         REF BY
           =====                   =======         ======
           ?DivMod16s              D184            _maxDayofMonth(unsigned char, unsigned char) (functions)
                                                   _maxDayofMonth(unsigned char, unsigned char) (main)
                                                   dsReadTime() (functions)
                                                   dsReadTime() (main)
                                                   dsShowTime() (main)
                                                   dsTimeConfig() (functions)
                                                   dsTimeConfig() (main)
                                                   showDHT() (functions)
                                                   showDHT() (main)

    -------------------------------------------------------------------------
  LIBRARY MODULE, NAME : ?ShiftLeft16

  SEGMENTS IN THE MODULE
  ======================
<CODE> 1 (was CODE)
  Relative segment, address: D26E - D279 (0xc bytes), align: 1
  Segment part 0.
           ENTRY                   ADDRESS         REF BY
           =====                   =======         ======
           ?ShiftLeft16            D26E            dht_get(unsigned char *, unsigned char *) (functions)
                                                   dht_get(unsigned char *, unsigned char *) (main)

    -------------------------------------------------------------------------
  LIBRARY MODULE, NAME : ?ShiftRight816s

  SEGMENTS IN THE MODULE
  ======================
<CODE> 1 (was CODE)
  Relative segment, address: D27A - D285 (0xc bytes), align: 1
  Segment part 1.
           ENTRY                   ADDRESS         REF BY
           =====                   =======         ======
           ?ShiftRight16s          D27A            _send2LCD(char, int) (LCD16x2)

    -------------------------------------------------------------------------
  LIBRARY MODULE, NAME : ?memcpy

  SEGMENTS IN THE MODULE
  ======================
<CODE> 1 (was CODE)
  Relative segment, address: D220 - D237 (0x18 bytes), align: 1
  Segment part 2.
           ENTRY                   ADDRESS         REF BY
           =====                   =======         ======
           memcpy                  D220            __data16_memcpy (?memzero)

    -------------------------------------------------------------------------
  LIBRARY MODULE, NAME : ?memzero

  SEGMENTS IN THE MODULE
  ======================
<CODE> 1 (was CODE)
  Relative segment, address: D24E - D25D (0x10 bytes), align: 1
  Segment part 2.
           ENTRY                   ADDRESS         REF BY
           =====                   =======         ======
           __data16_memzero        D24E            ?cstart_init_zero (?cstart)
    -------------------------------------------------------------------------
<CODE> 1 (was CODE)
  Relative segment, address: D2A2 - D2A5 (0x4 bytes), align: 1
  Segment part 3.
           ENTRY                   ADDRESS         REF BY
           =====                   =======         ======
           __data16_memcpy         D2A2            ?cstart_init_copy (?cstart)
               calls direct




                ****************************************
                *                                      *
                *      SEGMENTS IN ADDRESS ORDER       *
                *                                      *
                ****************************************


SEGMENT              SPACE    START ADDRESS   END ADDRESS     SIZE  TYPE  ALIGN
=======              =====    =============   ===========     ====  ====  =====
DATA16_AN                              0003 - 0003               1   rel    0
                                       0022 - 0026               5 
                                       0029 - 002A               2 
                                       0041 - 0041               1 
                                       0053 - 0053               1 
                                       0056 - 0058               3 
                                       0068 - 006B               4 
                                       006D - 006F               3 
                                       011A - 011B               2 
                                       0120 - 0121               2 
DATA16_I                               0200 - 020B               C   rel    1
DATA16_Z                               020C - 022D              22   rel    1
CSTACK                                 03B0 - 03FF              50   rel    1
DATA16_AN                              10F8 - 10FF               8   rel    0
DATA16_C                               C000 - C0AE              AF   rel    1
DATA16_ID                              C0B0 - C0BB               C   rel    1
CSTART                                 C0BC - C0E3              28   rel    1
<CODE> 1                               C0E4 - D2A7            11C4   rel    1
INTVEC                                 FFE0 - FFE5               6   com    1
RESET                                  FFFE - FFFF               2   rel    1

                ****************************************
                *                                      *
                *        END OF CROSS REFERENCE        *
                *                                      *
                ****************************************

 4 596 bytes of CODE  memory
   126 bytes of DATA  memory (+ 32 absolute )
   187 bytes of CONST memory

Errors: none
Warnings: 1

